// Jest Snapshot v1, https://goo.gl/fbAQLP

exports[`CV page matches snapshot 1`] = `
<DocumentFragment>
  <div
    class="relative bg-white overflow-hidden max-w-7xl mx-auto"
  >
    <div
      class="relative z-10 pb-8 bg-white sm:pb-16 md:pb-20 lg:max-w-2xl lg:w-full lg:pb-28 xl:pb-32"
    >
      <div
        class="relative pt-6 px-4"
      >
        <nav
          aria-label="Global"
          class="relative flex items-center justify-between h-24 lg:justify-start"
        >
          <div
            class="flex items-center flex-grow flex-shrink-0 lg:flex-grow-0"
          >
            <div
              class="flex items-center justify-between w-full md:w-auto"
            >
              <a
                href="/"
              >
                <img
                  class="h-auto w-auto"
                  src="/favicon-96x96.png"
                />
              </a>
            </div>
          </div>
          <div
            class="block ml-10 pr-4 space-x-8"
          >
            <a
              class="font-medium text-gray-500 hover:text-gray-900"
              href="/cv"
            >
              CV
            </a>
          </div>
        </nav>
      </div>
      <main
        class="mt-10 mx-auto max-w-7xl px-4 sm:mt-12 lg:px-8"
      >
        <div
          class="sm:text-center lg:text-left"
        >
          <h1
            class="text-4xl tracking-tight font-bold text-gray-900 sm:text-5xl lg:text-6xl"
          >
            <div
              class="text-2xl sm:text-3xl lg:text-4xl"
            >
              Curriculum Vitae of 
            </div>
            <div
              class="text-red-800"
            >
              Pete O'Shea
            </div>
          </h1>
        </div>
      </main>
    </div>
  </div>
  <footer
    class="flex items-center justify-center w-full h-24 px-2"
  >
    <a
      href="http://creativecommons.org/licenses/by/4.0/"
      rel="license"
    >
      <img
        alt="Creative Commons Licence"
        class="inline h-6 ml-1"
        src="/cc.svg"
      />
      <img
        alt="Attribution"
        class="inline h-6 ml-1"
        src="/by.svg"
      />
    </a>
    <span
      class="inline ml-1 tracking-tighter"
    >
      Content on this site is licensed under a 
      <a
        class="tracking-tighter text-gray-500 hover:text-gray-900"
        href="http://creativecommons.org/licenses/by/4.0/"
        rel="license"
      >
        Creative Commons Attribution 4.0 International License
      </a>
      .
    </span>
  </footer>
</DocumentFragment>
`;
