// Jest Snapshot v1, https://goo.gl/fbAQLP

exports[`Home page matches snapshot 1`] = `
<DocumentFragment>
  <div
    class="relative bg-white overflow-hidden max-w-7xl mx-auto"
  >
    <div
      class="relative z-10 pb-8 bg-white sm:pb-16 md:pb-20 lg:max-w-2xl lg:w-full lg:pb-28 xl:pb-32"
    >
      <svg
        aria-hidden="true"
        class="hidden lg:block absolute right-0 inset-y-0 h-full w-48 text-white transform translate-x-1/2"
        fill="currentColor"
        preserveAspectRatio="none"
        viewBox="0 0 100 100"
      >
        <polygon
          points="50,0 100,0 50,100 0,100"
        />
      </svg>
      <div
        class="relative pt-6 px-4"
      >
        <nav
          aria-label="Global"
          class="relative flex items-center justify-between h-24 lg:justify-start"
        >
          <div
            class="flex items-center flex-grow flex-shrink-0 lg:flex-grow-0"
          >
            <div
              class="flex items-center justify-between w-full md:w-auto"
            >
              <a
                href="#"
              >
                <img
                  class="h-auto w-auto"
                  src="/favicon-96x96.png"
                />
              </a>
            </div>
          </div>
          <div
            class="block ml-10 pr-4 space-x-8"
          >
            <a
              class="font-medium text-gray-500 hover:text-gray-900"
              href="/cv"
            >
              CV
            </a>
          </div>
        </nav>
      </div>
      <main
        class="mt-10 mx-auto max-w-7xl px-4 sm:mt-12 lg:px-8"
      >
        <div
          class="sm:text-center lg:text-left"
        >
          <h1
            class="text-4xl tracking-tight font-bold text-gray-900 sm:text-5xl lg:text-6xl"
          >
            <div>
              Welcome to the website of 
            </div>
            <div
              class="text-red-800"
            >
              Pete O'Shea
            </div>
          </h1>
        </div>
      </main>
    </div>
    <div
      class="lg:absolute lg:inset-y-0 lg:right-0 lg:w-1/2"
    >
      <img
        alt=""
        class="h-56 w-full object-cover sm:h-72 md:h-96 lg:w-full lg:h-full"
        src="/Writing-Tools.jpg"
      />
    </div>
  </div>
  <footer
    class="flex max-w-7xl mx-auto items-end justify-center w-full h-20 px-2 py-4 text-xs"
  >
    <a
      href="http://creativecommons.org/licenses/by/4.0/"
      rel="license"
    >
      <img
        alt="Creative Commons Licence"
        class="inline h-4 ml-1"
        src="/cc.svg"
      />
      <img
        alt="Attribution"
        class="inline h-4 ml-1"
        src="/by.svg"
      />
    </a>
    <span
      class="inline ml-1 tracking-tighter"
    >
      Content on this site is licensed under a 
      <a
        class="tracking-tighter text-gray-500 hover:text-gray-900"
        href="http://creativecommons.org/licenses/by/4.0/"
        rel="license"
      >
        Creative Commons Attribution 4.0 International License
      </a>
      .
    </span>
  </footer>
</DocumentFragment>
`;
